// Jest Snapshot v1, https://goo.gl/fbAQLP

exports[`renders correctly 1`] = `
<div
  class="container-fluid"
>
  <div
    class="content container"
  >
    <div
      class="heading1"
    >
      EFFEXOR XR 75MG
    </div>
    <p />
    <div
      class="questions"
    >
      Please tell us how you are taking this medication.
    </div>
    <br />
    <div
      class="heading3"
    >
      <span>
        Please enter the number of capsule(s) you take of this medication at each time of day.
      </span>
    </div>
    <br />
    <form
      class=""
    >
      <div
        class="inputWrapper row"
      >
        <div
          class="col-12 col-md-3"
        >
          <img
            alt="Morning"
            class="logo"
            src="morning.png"
          />
          <div>
            <span>
              In the Morning
            </span>
            <p />
            <div
              class="ntextboxwrapper"
            >
              <input
                autofocus=""
                class="inputText"
                name="quantityAM"
                placeholder=""
                type="text"
                value=""
              />
            </div>
          </div>
        </div>
        <div
          class="col-12 col-md-3"
        >
          <img
            alt="Aftrnoon"
            class="logo"
            src="afternoon.png"
          />
          <div>
            <span>
              In the Afternoon
            </span>
             
            <p />
            <div
              class="ntextboxwrapper"
            >
              <input
                class="inputText"
                name="quantityNoon"
                placeholder=""
                type="text"
                value=""
              />
            </div>
          </div>
        </div>
        <div
          class="col-12 col-md-3"
        >
          <img
            alt="Evening"
            class="logo"
            src="evening.png"
          />
          <div>
            <span>
              In the Evening
            </span>
            <p />
            <div
              class="ntextboxwrapper"
            >
              <input
                class="inputText"
                name="quantityPM"
                placeholder=""
                type="text"
                value=""
              />
            </div>
          </div>
        </div>
        <div
          class="col-12 col-md-3"
        >
          <img
            alt="Night"
            class="logo"
            src="night.png"
          />
          <div>
            <span>
              In the Night
            </span>
            <p />
            <div
              class="ntextboxwrapper"
            >
              <input
                class="inputText"
                name="quantityNight"
                placeholder=""
                type="text"
                value=""
              />
            </div>
          </div>
        </div>
      </div>
      <div
        class="inputWrapper row"
      >
        <div
          class="col-12 col-md-3"
        />
        <div
          class="col-12 col-md-3"
        />
        <div
          class="col-12 col-md-3"
        />
        <div
          class="col-12 col-md-3"
        />
      </div>
      <br />
      <button
        class="button btn btn-secondary"
        type="submit"
      >
        <b>
          NEXT
        </b>
      </button>
    </form>
  </div>
  <br />
  <div
    class="footerWrapper container"
  >
    <div>
      <div
        class="wrapper"
      >
        <div
          class="stepCompleted"
        >
          Account
          <br />
          Setup
          <div
            class="stepNumberActive"
          >
            1
          </div>
        </div>
        <div
          class="stepActive"
        >
          Medication
          <br />
          Review
          <div
            class="stepNumberActive"
          >
            2
          </div>
        </div>
        <div
          class="step"
        >
          Additional 
          <br />
          Medications
          <div
            class="stepNumber"
          >
            3
          </div>
        </div>
        <div
          class="step"
        >
          Health
          <br />
          Updates
          <div
            class="stepNumber"
          >
            4
          </div>
        </div>
        <div
          class="step"
        >
          Set
          <br />
          Appointment
          <div
            class="stepNumber"
          >
            5
          </div>
        </div>
      </div>
    </div>
  </div>
</div>
`;
