// Jest Snapshot v1, https://goo.gl/fbAQLP

exports[`renders correctly 1`] = `
<div
  class="container-fluid"
>
  <div
    class="content container"
  >
    <br />
     
    <br />
    <div
      class="row"
    >
      <div
        class="col-12 col-sm-4"
      >
        <img
          alt="drugs"
          src="meds.png"
        />
      </div>
      <div
        class="col-12 col-sm-7"
      >
        <strong>
          <span
            class="heading"
          >
             Congratulations! You've Completed Step 1
          </span>
        </strong>
        <p />
        <p>
          We are now going to review your medications.
        </p>
        <p>
          We are going to ask about how you are taking your medications, and what you are taking them for.
        </p>
        <p>
          If you have any questions about your medications you can ask us, and our pharmacists will answer them.
        </p>
        <p>
          It might be helpful to have your medications in front of you for the next section.
        </p>
        <p>
          <strong>
            Keep going, you are on your way to getting the most out of your medications!
          </strong>
        </p>
      </div>
    </div>
    <div
      class="row"
    >
      <div
        class="buttonwrapper container"
      >
        <div
          class="col-12 col-sm-12"
        >
          <a
            href="/meds-identified"
          >
            <button
              class="button btn btn-secondary"
            >
              <b>
                NEXT
              </b>
            </button>
          </a>
        </div>
      </div>
    </div>
    <p />
  </div>
  <div
    class="footerWrapper container"
  >
    <div>
      <div
        class="wrapper"
      >
        <div
          class="stepActive"
        >
          Account
          <br />
          Setup
          <div
            class="stepNumberActive"
          >
            1
          </div>
        </div>
        <div
          class="step"
        >
          Medication
          <br />
          Review
          <div
            class="stepNumber"
          >
            2
          </div>
        </div>
        <div
          class="step"
        >
          Additional 
          <br />
          Medications
          <div
            class="stepNumber"
          >
            3
          </div>
        </div>
        <div
          class="step"
        >
          Health
          <br />
          Updates
          <div
            class="stepNumber"
          >
            4
          </div>
        </div>
        <div
          class="step"
        >
          Set
          <br />
          Appointment
          <div
            class="stepNumber"
          >
            5
          </div>
        </div>
      </div>
    </div>
  </div>
</div>
`;
