// Jest Snapshot v1, https://goo.gl/fbAQLP

exports[`renders without initial system  1`] = `
<div
  class="wrapper"
>
  <div
    class="loader"
  />
</div>
`;
